30
20
40
60
80
100
120
140
160
180
200
220
240
260
280
300
320
340
360
380
400
440
480
520
560
600
640
680
720
760
800
