19
2
4
6
8
10
12
14
16
18
20
24
28
30
32
36
40
42
48
56
