5 5 5 2 2
5 1 0 2 2
1 1 0 2 2
0 0 3 0 4
0 0 3 4 4
