Program #1
Runtime = 10*n^10+9*n^9+8*n^8+58*n^7+6*n^6+5*n^5+4*n^4+3*n^3+2*n^2+n
