-44970489x^19+32920308x^18+72596142x^17-12879x^16-83038837x^15+40013551x^14-29275896x^13-47264969x^12-33227795x^11+9473913x^10+86703895x^9+41570655x^8-97543569x^7-41888798x^6+93742946x^5-6995x^4+11103169x^3-13200754x^2-14557598x+23648240
