x^20+5111x^19+9092x^18+8426124x^17+16668912x^16+13471554x^15+3475020x^14-44005017x^13-20105363x^12-15215593x^11+35003028x^10+13748855x^9-7866177x^8+67841817x^7-67623002x^6+67158516x^5-81659858x^4+69500047x^3-69039898x^2-8849x
