-3948x^20-3949x^19-5643x^18+32833820x^17+4078815x^16+6592949x^15+1748598x^14+47448278x^13+52126950x^12-9869508x^11+44614888x^10+441764x^9+62109382x^8+21022855x^7+48094487x^6+14156897x^5+28x^4+3089581x^3+7546805x^2-923x+7144943
