6164x^20-14837x^19-14027696x^18+31501600x^17-362266x^16-13567751x^15-3037x^14-17569206x^13+6539397x^12+90812054x^11-36966264x^10+85300639x^9+99967833x^8+43105929x^7+46531256x^6+92835886x^5+24467503x^4+65781532x^3-4710x^2-x+9835
